// Jest Snapshot v1, https://goo.gl/fbAQLP

exports[`Display the content 1`] = `
<div>
  Hi I am Display component
</div>
`;
